// Jest Snapshot v1, https://goo.gl/fbAQLP

exports[`should correctly render LoginPAge 1`] = `
<div>
  <button>
     Login 
  </button>
</div>
`;
